// Vitest Snapshot v1, https://vitest.dev/guide/snapshot.html

exports[`traversal order — every shape in one graph > deferred 1`] = `
[
  "before A",
  "dialog A char=-",
  "before C",
  "cleanup A",
  "before B",
  "dialog C char=-",
  "dialog B char=-",
  "cleanup C",
  "before G",
  "before F",
  "cleanup B",
  "before E",
  "dialog G char=-",
  "dialog F char=-",
  "dialog E char=-",
  "cleanup G",
  "cleanup F",
  "cleanup E",
  "before R",
  "before I",
  "before H",
  "dialog I char=-",
  "dialog H char=-",
  "cleanup I",
  "cleanup H",
  "before J",
  "dialog J char=-",
  "cleanup J",
  "before D",
  "dialog D char=-",
  "cleanup D",
  "exit",
  "running=false tracks=0",
]
`;

exports[`traversal order — every shape in one graph > sync 1`] = `
[
  "before A",
  "dialog A char=-",
  "before C",
  "dialog C char=-",
  "cleanup C",
  "before G",
  "dialog G char=-",
  "cleanup G",
  "cleanup A",
  "before B",
  "dialog B char=-",
  "before F",
  "dialog F char=-",
  "cleanup F",
  "cleanup B",
  "before E",
  "dialog E char=-",
  "cleanup E",
  "before R",
  "before I",
  "dialog I char=-",
  "cleanup I",
  "before H",
  "dialog H char=-",
  "cleanup H",
  "before J",
  "dialog J char=-",
  "cleanup J",
  "before D",
  "dialog D char=-",
  "cleanup D",
  "exit",
  "running=false tracks=0",
]
`;

exports[`traversal order — the one documented change > code after a synchronous resolve() in onBeforeBlock 1`] = `
[
  "before A",
  "after-resolve A",
  "dialog A char=-",
  "cleanup A",
  "before B",
  "after-resolve B",
  "dialog B char=-",
  "cleanup B",
  "before C",
  "after-resolve C",
  "dialog C char=-",
  "cleanup C",
  "exit",
  "running=false tracks=0",
]
`;

exports[`traversal order — the reference export > docking_ring_brief — deferred — answers false, picks last 1`] = `
[
  "before DIALOG-001",
  "dialog DIALOG-001 char=var2",
  "cleanup DIALOG-001",
  "before CHOICE-001",
  "choice CHOICE-001 char=var2",
  "cleanup CHOICE-001",
  "before DIALOG-002",
  "dialog DIALOG-002 char=var1",
  "cleanup DIALOG-002",
  "exit",
  "running=false tracks=0",
]
`;

exports[`traversal order — the reference export > docking_ring_brief — deferred — answers true, picks first 1`] = `
[
  "before DIALOG-001",
  "dialog DIALOG-001 char=var2",
  "cleanup DIALOG-001",
  "before CHOICE-001",
  "choice CHOICE-001 char=var2",
  "cleanup CHOICE-001",
  "before ACTION-001",
  "action ACTION-001 char=-",
  "cleanup ACTION-001",
  "before DIALOG-002",
  "dialog DIALOG-002 char=var1",
  "cleanup DIALOG-002",
  "exit",
  "running=false tracks=0",
]
`;

exports[`traversal order — the reference export > docking_ring_brief — sync — answers false, picks last 1`] = `
[
  "before DIALOG-001",
  "dialog DIALOG-001 char=var2",
  "cleanup DIALOG-001",
  "before CHOICE-001",
  "choice CHOICE-001 char=var2",
  "cleanup CHOICE-001",
  "before DIALOG-002",
  "dialog DIALOG-002 char=var1",
  "cleanup DIALOG-002",
  "exit",
  "running=false tracks=0",
]
`;

exports[`traversal order — the reference export > docking_ring_brief — sync — answers true, picks first 1`] = `
[
  "before DIALOG-001",
  "dialog DIALOG-001 char=var2",
  "cleanup DIALOG-001",
  "before CHOICE-001",
  "choice CHOICE-001 char=var2",
  "cleanup CHOICE-001",
  "before ACTION-001",
  "action ACTION-001 char=-",
  "cleanup ACTION-001",
  "before DIALOG-002",
  "dialog DIALOG-002 char=var1",
  "cleanup DIALOG-002",
  "exit",
  "running=false tracks=0",
]
`;

exports[`traversal order — the reference export > reactor_breach — deferred — answers false, picks last 1`] = `
[
  "before ACTION-001",
  "action ACTION-001 char=-",
  "cleanup ACTION-001",
  "before DIALOG-002",
  "dialog DIALOG-002 char=var2",
  "cleanup DIALOG-002",
  "before DIALOG-003",
  "dialog DIALOG-003 char=var1",
  "cleanup DIALOG-003",
  "before CHOICE-001",
  "choice CHOICE-001 char=var2",
  "cleanup CHOICE-001",
  "before COND-001",
  "condition COND-001 char=-",
  "cleanup COND-001",
  "before DIALOG-009",
  "dialog DIALOG-009 char=var1",
  "cleanup DIALOG-009",
  "before DIALOG-002",
  "dialog DIALOG-002 char=var2",
  "cleanup DIALOG-002",
  "before DIALOG-003",
  "dialog DIALOG-003 char=var1",
  "cleanup DIALOG-003",
  "before CHOICE-001",
  "choice CHOICE-001 char=var2",
  "cleanup CHOICE-001",
  "before COND-001",
  "condition COND-001 char=-",
  "cleanup COND-001",
  "before DIALOG-009",
  "dialog DIALOG-009 char=var1",
  "cleanup DIALOG-009",
  "before DIALOG-002",
  "dialog DIALOG-002 char=var2",
  "cleanup DIALOG-002",
  "before DIALOG-003",
  "dialog DIALOG-003 char=var1",
  "cleanup DIALOG-003",
  "before CHOICE-001",
  "choice CHOICE-001 char=var2",
  "cleanup CHOICE-001",
  "before COND-001",
  "condition COND-001 char=-",
  "cleanup COND-001",
  "before DIALOG-009",
  "dialog DIALOG-009 char=var1",
  "cleanup DIALOG-009",
  "before DIALOG-002",
  "dialog DIALOG-002 char=var2",
  "cleanup DIALOG-002",
  "before DIALOG-003",
  "dialog DIALOG-003 char=var1",
  "cleanup DIALOG-003",
  "before CHOICE-001",
  "choice CHOICE-001 char=var2",
  "cleanup CHOICE-001",
  "before COND-001",
  "condition COND-001 char=-",
  "cleanup COND-001",
  "before DIALOG-009",
  "dialog DIALOG-009 char=var1",
  "cleanup DIALOG-009",
  "before DIALOG-002",
  "dialog DIALOG-002 char=var2",
  "cleanup DIALOG-002",
  "before DIALOG-003",
  "dialog DIALOG-003 char=var1",
  "cleanup DIALOG-003",
  "before CHOICE-001",
  "choice CHOICE-001 char=var2",
  "cleanup CHOICE-001",
  "before COND-001",
  "condition COND-001 char=-",
  "cleanup COND-001",
  "before DIALOG-009",
  "dialog DIALOG-009 char=var1",
  "cleanup DIALOG-009",
  "before DIALOG-002",
  "dialog DIALOG-002 char=var2",
  "cleanup DIALOG-002",
  "before DIALOG-003",
  "dialog DIALOG-003 char=var1",
  "cleanup DIALOG-003",
  "before CHOICE-001",
  "choice CHOICE-001 char=var2",
  "cleanup CHOICE-001",
  "before COND-001",
  "condition COND-001 char=-",
  "cleanup COND-001",
  "before DIALOG-009",
  "dialog DIALOG-009 char=var1",
  "cleanup DIALOG-009",
  "before DIALOG-002",
  "dialog DIALOG-002 char=var2",
  "cleanup DIALOG-002",
  "before DIALOG-003",
  "dialog DIALOG-003 char=var1",
  "cleanup DIALOG-003",
  "before CHOICE-001",
  "choice CHOICE-001 char=var2",
  "cleanup CHOICE-001",
  "before COND-001",
  "condition COND-001 char=-",
  "cleanup COND-001",
  "before DIALOG-009",
  "dialog DIALOG-009 char=var1",
  "cleanup DIALOG-009",
  "before DIALOG-002",
  "dialog DIALOG-002 char=var2",
  "cleanup DIALOG-002",
  "before DIALOG-003",
  "dialog DIALOG-003 char=var1",
  "cleanup DIALOG-003",
  "before CHOICE-001",
  "choice CHOICE-001 char=var2",
  "cleanup CHOICE-001",
  "before COND-001",
  "condition COND-001 char=-",
  "cleanup COND-001",
  "before DIALOG-009",
  "dialog DIALOG-009 char=var1",
  "cleanup DIALOG-009",
  "before DIALOG-002",
  "dialog DIALOG-002 char=var2",
  "cleanup DIALOG-002",
  "before DIALOG-003",
  "dialog DIALOG-003 char=var1",
  "cleanup DIALOG-003",
  "before CHOICE-001",
  "choice CHOICE-001 char=var2",
  "cleanup CHOICE-001",
  "before COND-001",
  "condition COND-001 char=-",
  "cleanup COND-001",
  "before DIALOG-009",
  "dialog DIALOG-009 char=var1",
  "cleanup DIALOG-009",
  "before DIALOG-002",
  "dialog DIALOG-002 char=var2",
  "cleanup DIALOG-002",
  "before DIALOG-003",
  "dialog DIALOG-003 char=var1",
  "cleanup DIALOG-003",
  "before CHOICE-001",
  "choice CHOICE-001 char=var2",
  "cleanup CHOICE-001",
  "before COND-001",
  "condition COND-001 char=-",
  "cleanup COND-001",
  "before DIALOG-009",
  "dialog DIALOG-009 char=var1",
  "cleanup DIALOG-009",
  "before DIALOG-002",
  "dialog DIALOG-002 char=var2",
  "cleanup DIALOG-002",
  "before DIALOG-003",
  "dialog DIALOG-003 char=var1",
  "cleanup DIALOG-003",
  "before CHOICE-001",
  "choice CHOICE-001 char=var2",
  "cleanup CHOICE-001",
  "before COND-001",
  "condition COND-001 char=-",
  "cleanup COND-001",
  "before DIALOG-009",
  "dialog DIALOG-009 char=var1",
  "cleanup DIALOG-009",
  "before DIALOG-002",
  "dialog DIALOG-002 char=var2",
  "cleanup DIALOG-002",
  "before DIALOG-003",
  "dialog DIALOG-003 char=var1",
  "cleanup DIALOG-003",
  "before CHOICE-001",
  "choice CHOICE-001 char=var2",
  "cleanup CHOICE-001",
  "before COND-001",
  "condition COND-001 char=-",
  "cleanup COND-001",
  "before DIALOG-009",
  "dialog DIALOG-009 char=var1",
  "cleanup DIALOG-009",
  "before DIALOG-002",
  "dialog DIALOG-002 char=var2",
  "cleanup DIALOG-002",
  "before DIALOG-003",
  "dialog DIALOG-003 char=var1",
  "cleanup DIALOG-003",
  "before CHOICE-001",
  "choice CHOICE-001 char=var2",
  "cleanup CHOICE-001",
  "before COND-001",
  "condition COND-001 char=-",
  "cleanup COND-001",
  "before DIALOG-009",
  "dialog DIALOG-009 char=var1",
  "cleanup DIALOG-009",
  "before DIALOG-002",
  "dialog DIALOG-002 char=var2",
  "cleanup DIALOG-002",
  "before DIALOG-003",
  "dialog DIALOG-003 char=var1",
  "cleanup DIALOG-003",
  "before CHOICE-001",
  "choice CHOICE-001 char=var2",
  "cleanup CHOICE-001",
  "before COND-001",
  "condition COND-001 char=-",
  "cleanup COND-001",
  "before DIALOG-009",
  "dialog DIALOG-009 char=var1",
  "cleanup DIALOG-009",
  "before DIALOG-002",
  "dialog DIALOG-002 char=var2",
  "cleanup DIALOG-002",
  "before DIALOG-003",
  "dialog DIALOG-003 char=var1",
  "cleanup DIALOG-003",
  "before CHOICE-001",
  "choice CHOICE-001 char=var2",
  "cleanup CHOICE-001",
  "before COND-001",
  "condition COND-001 char=-",
  "cleanup COND-001",
  "before DIALOG-009",
  "dialog DIALOG-009 char=var1",
  "cleanup DIALOG-009",
  "before DIALOG-002",
  "dialog DIALOG-002 char=var2",
  "cleanup DIALOG-002",
  "before DIALOG-003",
  "dialog DIALOG-003 char=var1",
  "cleanup DIALOG-003",
  "before CHOICE-001",
  "choice CHOICE-001 char=var2",
  "cleanup CHOICE-001",
  "before COND-001",
  "condition COND-001 char=-",
  "cleanup COND-001",
  "before DIALOG-009",
  "dialog DIALOG-009 char=var1",
  "cleanup DIALOG-009",
  "before DIALOG-002",
  "dialog DIALOG-002 char=var2",
  "cleanup DIALOG-002",
  "before DIALOG-003",
  "dialog DIALOG-003 char=var1",
  "cleanup DIALOG-003",
  "before CHOICE-001",
  "choice CHOICE-001 char=var2",
  "cleanup CHOICE-001",
  "before COND-001",
  "condition COND-001 char=-",
  "cleanup COND-001",
  "before DIALOG-009",
  "dialog DIALOG-009 char=var1",
  "cleanup DIALOG-009",
  "before DIALOG-002",
  "dialog DIALOG-002 char=var2",
  "cleanup DIALOG-002",
  "before DIALOG-003",
  "dialog DIALOG-003 char=var1",
  "cleanup DIALOG-003",
  "before CHOICE-001",
  "choice CHOICE-001 char=var2",
  "cleanup CHOICE-001",
  "before COND-001",
  "condition COND-001 char=-",
  "cleanup COND-001",
  "before DIALOG-009",
  "dialog DIALOG-009 char=var1",
  "cleanup DIALOG-009",
  "before DIALOG-002",
  "dialog DIALOG-002 char=var2",
  "cleanup DIALOG-002",
  "before DIALOG-003",
  "dialog DIALOG-003 char=var1",
  "cleanup DIALOG-003",
  "before CHOICE-001",
  "choice CHOICE-001 char=var2",
  "cleanup CHOICE-001",
  "before COND-001",
  "condition COND-001 char=-",
  "cleanup COND-001",
  "before DIALOG-009",
  "dialog DIALOG-009 char=var1",
  "cleanup DIALOG-009",
  "before DIALOG-002",
  "dialog DIALOG-002 char=var2",
  "cleanup DIALOG-002",
  "before DIALOG-003",
  "dialog DIALOG-003 char=var1",
  "cleanup DIALOG-003",
  "before CHOICE-001",
  "choice CHOICE-001 char=var2",
  "cleanup CHOICE-001",
  "before COND-001",
  "condition COND-001 char=-",
  "cleanup COND-001",
  "before DIALOG-009",
  "dialog DIALOG-009 char=var1",
  "cleanup DIALOG-009",
  "before DIALOG-002",
  "dialog DIALOG-002 char=var2",
  "cleanup DIALOG-002",
  "before DIALOG-003",
  "dialog DIALOG-003 char=var1",
  "cleanup DIALOG-003",
  "before CHOICE-001",
  "choice CHOICE-001 char=var2",
  "cleanup CHOICE-001",
  "before COND-001",
  "condition COND-001 char=-",
  "cleanup COND-001",
  "before DIALOG-009",
  "dialog DIALOG-009 char=var1",
  "cleanup DIALOG-009",
  "before DIALOG-002",
  "dialog DIALOG-002 char=var2",
  "cleanup DIALOG-002",
  "before DIALOG-003",
  "dialog DIALOG-003 char=var1",
  "cleanup DIALOG-003",
  "before CHOICE-001",
  "choice CHOICE-001 char=var2",
  "cleanup CHOICE-001",
  "before COND-001",
  "condition COND-001 char=-",
  "cleanup COND-001",
  "before DIALOG-009",
  "dialog DIALOG-009 char=var1",
  "cleanup DIALOG-009",
  "before DIALOG-002",
  "dialog DIALOG-002 char=var2",
  "cleanup DIALOG-002",
  "before DIALOG-003",
  "dialog DIALOG-003 char=var1",
  "cleanup DIALOG-003",
  "before CHOICE-001",
  "choice CHOICE-001 char=var2",
  "cleanup CHOICE-001",
  "before COND-001",
  "condition COND-001 char=-",
  "cleanup COND-001",
  "before DIALOG-009",
  "dialog DIALOG-009 char=var1",
  "cleanup DIALOG-009",
  "before DIALOG-002",
  "dialog DIALOG-002 char=var2",
  "cleanup DIALOG-002",
  "before DIALOG-003",
  "dialog DIALOG-003 char=var1",
  "cleanup DIALOG-003",
  "before CHOICE-001",
  "choice CHOICE-001 char=var2",
  "cleanup CHOICE-001",
  "before COND-001",
  "condition COND-001 char=-",
  "cleanup COND-001",
  "before DIALOG-009",
  "dialog DIALOG-009 char=var1",
  "cleanup DIALOG-009",
  "before DIALOG-002",
  "dialog DIALOG-002 char=var2",
  "cleanup DIALOG-002",
  "before DIALOG-003",
  "dialog DIALOG-003 char=var1",
  "cleanup DIALOG-003",
  "before CHOICE-001",
  "choice CHOICE-001 char=var2",
  "cleanup CHOICE-001",
  "before COND-001",
  "condition COND-001 char=-",
  "cleanup COND-001",
  "before DIALOG-009",
  "dialog DIALOG-009 char=var1",
  "cleanup DIALOG-009",
  "before DIALOG-002",
  "dialog DIALOG-002 char=var2",
  "cleanup DIALOG-002",
  "before DIALOG-003",
  "dialog DIALOG-003 char=var1",
  "cleanup DIALOG-003",
  "before CHOICE-001",
  "choice CHOICE-001 char=var2",
  "cleanup CHOICE-001",
  "before COND-001",
  "condition COND-001 char=-",
  "cleanup COND-001",
  "before DIALOG-009",
  "dialog DIALOG-009 char=var1",
  "cleanup DIALOG-009",
  "before DIALOG-002",
  "dialog DIALOG-002 char=var2",
  "cleanup DIALOG-002",
  "before DIALOG-003",
  "dialog DIALOG-003 char=var1",
  "cleanup DIALOG-003",
  "before CHOICE-001",
  "choice CHOICE-001 char=var2",
  "cleanup CHOICE-001",
  "before COND-001",
  "condition COND-001 char=-",
  "cleanup COND-001",
  "before DIALOG-009",
  "dialog DIALOG-009 char=var1",
  "cleanup DIALOG-009",
  "before DIALOG-002",
  "dialog DIALOG-002 char=var2",
  "cleanup DIALOG-002",
  "before DIALOG-003",
  "dialog DIALOG-003 char=var1",
  "cleanup DIALOG-003",
  "before CHOICE-001",
  "choice CHOICE-001 char=var2",
  "cleanup CHOICE-001",
  "before COND-001",
  "condition COND-001 char=-",
  "cleanup COND-001",
  "before DIALOG-009",
  "dialog DIALOG-009 char=var1",
  "cleanup DIALOG-009",
  "before DIALOG-002",
  "dialog DIALOG-002 char=var2",
  "cleanup DIALOG-002",
  "before DIALOG-003",
  "dialog DIALOG-003 char=var1",
  "cleanup DIALOG-003",
  "before CHOICE-001",
  "choice CHOICE-001 char=var2",
  "cleanup CHOICE-001",
  "before COND-001",
  "condition COND-001 char=-",
  "cleanup COND-001",
  "before DIALOG-009",
  "dialog DIALOG-009 char=var1",
  "cleanup DIALOG-009",
  "before DIALOG-002",
  "dialog DIALOG-002 char=var2",
  "cleanup DIALOG-002",
  "before DIALOG-003",
  "dialog DIALOG-003 char=var1",
  "cleanup DIALOG-003",
  "before CHOICE-001",
  "choice CHOICE-001 char=var2",
  "cleanup CHOICE-001",
  "before COND-001",
  "condition COND-001 char=-",
  "cleanup COND-001",
  "before DIALOG-009",
  "dialog DIALOG-009 char=var1",
  "cap",
  "running=true tracks=0",
]
`;

exports[`traversal order — the reference export > reactor_breach — deferred — answers true, picks first 1`] = `
[
  "before ACTION-001",
  "action ACTION-001 char=-",
  "cleanup ACTION-001",
  "before DIALOG-002",
  "dialog DIALOG-002 char=var2",
  "cleanup DIALOG-002",
  "before DIALOG-003",
  "dialog DIALOG-003 char=var1",
  "cleanup DIALOG-003",
  "before CHOICE-001",
  "choice CHOICE-001 char=var2",
  "cleanup CHOICE-001",
  "before COND-001",
  "condition COND-001 char=-",
  "cleanup COND-001",
  "before ACTION-002",
  "action ACTION-002 char=-",
  "cleanup ACTION-002",
  "before COND-004",
  "condition COND-004 char=-",
  "cleanup COND-004",
  "before DIALOG-010",
  "dialog DIALOG-010 char=var2",
  "cleanup DIALOG-010",
  "exit",
  "running=false tracks=0",
]
`;

exports[`traversal order — the reference export > reactor_breach — sync — answers false, picks last 1`] = `
[
  "before ACTION-001",
  "action ACTION-001 char=-",
  "cleanup ACTION-001",
  "before DIALOG-002",
  "dialog DIALOG-002 char=var2",
  "cleanup DIALOG-002",
  "before DIALOG-003",
  "dialog DIALOG-003 char=var1",
  "cleanup DIALOG-003",
  "before CHOICE-001",
  "choice CHOICE-001 char=var2",
  "cleanup CHOICE-001",
  "before COND-001",
  "condition COND-001 char=-",
  "cleanup COND-001",
  "before DIALOG-009",
  "dialog DIALOG-009 char=var1",
  "cleanup DIALOG-009",
  "before DIALOG-002",
  "dialog DIALOG-002 char=var2",
  "cleanup DIALOG-002",
  "before DIALOG-003",
  "dialog DIALOG-003 char=var1",
  "cleanup DIALOG-003",
  "before CHOICE-001",
  "choice CHOICE-001 char=var2",
  "cleanup CHOICE-001",
  "before COND-001",
  "condition COND-001 char=-",
  "cleanup COND-001",
  "before DIALOG-009",
  "dialog DIALOG-009 char=var1",
  "cleanup DIALOG-009",
  "before DIALOG-002",
  "dialog DIALOG-002 char=var2",
  "cleanup DIALOG-002",
  "before DIALOG-003",
  "dialog DIALOG-003 char=var1",
  "cleanup DIALOG-003",
  "before CHOICE-001",
  "choice CHOICE-001 char=var2",
  "cleanup CHOICE-001",
  "before COND-001",
  "condition COND-001 char=-",
  "cleanup COND-001",
  "before DIALOG-009",
  "dialog DIALOG-009 char=var1",
  "cleanup DIALOG-009",
  "before DIALOG-002",
  "dialog DIALOG-002 char=var2",
  "cleanup DIALOG-002",
  "before DIALOG-003",
  "dialog DIALOG-003 char=var1",
  "cleanup DIALOG-003",
  "before CHOICE-001",
  "choice CHOICE-001 char=var2",
  "cleanup CHOICE-001",
  "before COND-001",
  "condition COND-001 char=-",
  "cleanup COND-001",
  "before DIALOG-009",
  "dialog DIALOG-009 char=var1",
  "cleanup DIALOG-009",
  "before DIALOG-002",
  "dialog DIALOG-002 char=var2",
  "cleanup DIALOG-002",
  "before DIALOG-003",
  "dialog DIALOG-003 char=var1",
  "cleanup DIALOG-003",
  "before CHOICE-001",
  "choice CHOICE-001 char=var2",
  "cleanup CHOICE-001",
  "before COND-001",
  "condition COND-001 char=-",
  "cleanup COND-001",
  "before DIALOG-009",
  "dialog DIALOG-009 char=var1",
  "cleanup DIALOG-009",
  "before DIALOG-002",
  "dialog DIALOG-002 char=var2",
  "cleanup DIALOG-002",
  "before DIALOG-003",
  "dialog DIALOG-003 char=var1",
  "cleanup DIALOG-003",
  "before CHOICE-001",
  "choice CHOICE-001 char=var2",
  "cleanup CHOICE-001",
  "before COND-001",
  "condition COND-001 char=-",
  "cleanup COND-001",
  "before DIALOG-009",
  "dialog DIALOG-009 char=var1",
  "cleanup DIALOG-009",
  "before DIALOG-002",
  "dialog DIALOG-002 char=var2",
  "cleanup DIALOG-002",
  "before DIALOG-003",
  "dialog DIALOG-003 char=var1",
  "cleanup DIALOG-003",
  "before CHOICE-001",
  "choice CHOICE-001 char=var2",
  "cleanup CHOICE-001",
  "before COND-001",
  "condition COND-001 char=-",
  "cleanup COND-001",
  "before DIALOG-009",
  "dialog DIALOG-009 char=var1",
  "cleanup DIALOG-009",
  "before DIALOG-002",
  "dialog DIALOG-002 char=var2",
  "cleanup DIALOG-002",
  "before DIALOG-003",
  "dialog DIALOG-003 char=var1",
  "cleanup DIALOG-003",
  "before CHOICE-001",
  "choice CHOICE-001 char=var2",
  "cleanup CHOICE-001",
  "before COND-001",
  "condition COND-001 char=-",
  "cleanup COND-001",
  "before DIALOG-009",
  "dialog DIALOG-009 char=var1",
  "cleanup DIALOG-009",
  "before DIALOG-002",
  "dialog DIALOG-002 char=var2",
  "cleanup DIALOG-002",
  "before DIALOG-003",
  "dialog DIALOG-003 char=var1",
  "cleanup DIALOG-003",
  "before CHOICE-001",
  "choice CHOICE-001 char=var2",
  "cleanup CHOICE-001",
  "before COND-001",
  "condition COND-001 char=-",
  "cleanup COND-001",
  "before DIALOG-009",
  "dialog DIALOG-009 char=var1",
  "cleanup DIALOG-009",
  "before DIALOG-002",
  "dialog DIALOG-002 char=var2",
  "cleanup DIALOG-002",
  "before DIALOG-003",
  "dialog DIALOG-003 char=var1",
  "cleanup DIALOG-003",
  "before CHOICE-001",
  "choice CHOICE-001 char=var2",
  "cleanup CHOICE-001",
  "before COND-001",
  "condition COND-001 char=-",
  "cleanup COND-001",
  "before DIALOG-009",
  "dialog DIALOG-009 char=var1",
  "cleanup DIALOG-009",
  "before DIALOG-002",
  "dialog DIALOG-002 char=var2",
  "cleanup DIALOG-002",
  "before DIALOG-003",
  "dialog DIALOG-003 char=var1",
  "cleanup DIALOG-003",
  "before CHOICE-001",
  "choice CHOICE-001 char=var2",
  "cleanup CHOICE-001",
  "before COND-001",
  "condition COND-001 char=-",
  "cleanup COND-001",
  "before DIALOG-009",
  "dialog DIALOG-009 char=var1",
  "cleanup DIALOG-009",
  "before DIALOG-002",
  "dialog DIALOG-002 char=var2",
  "cleanup DIALOG-002",
  "before DIALOG-003",
  "dialog DIALOG-003 char=var1",
  "cleanup DIALOG-003",
  "before CHOICE-001",
  "choice CHOICE-001 char=var2",
  "cleanup CHOICE-001",
  "before COND-001",
  "condition COND-001 char=-",
  "cleanup COND-001",
  "before DIALOG-009",
  "dialog DIALOG-009 char=var1",
  "cleanup DIALOG-009",
  "before DIALOG-002",
  "dialog DIALOG-002 char=var2",
  "cleanup DIALOG-002",
  "before DIALOG-003",
  "dialog DIALOG-003 char=var1",
  "cleanup DIALOG-003",
  "before CHOICE-001",
  "choice CHOICE-001 char=var2",
  "cleanup CHOICE-001",
  "before COND-001",
  "condition COND-001 char=-",
  "cleanup COND-001",
  "before DIALOG-009",
  "dialog DIALOG-009 char=var1",
  "cleanup DIALOG-009",
  "before DIALOG-002",
  "dialog DIALOG-002 char=var2",
  "cleanup DIALOG-002",
  "before DIALOG-003",
  "dialog DIALOG-003 char=var1",
  "cleanup DIALOG-003",
  "before CHOICE-001",
  "choice CHOICE-001 char=var2",
  "cleanup CHOICE-001",
  "before COND-001",
  "condition COND-001 char=-",
  "cleanup COND-001",
  "before DIALOG-009",
  "dialog DIALOG-009 char=var1",
  "cleanup DIALOG-009",
  "before DIALOG-002",
  "dialog DIALOG-002 char=var2",
  "cleanup DIALOG-002",
  "before DIALOG-003",
  "dialog DIALOG-003 char=var1",
  "cleanup DIALOG-003",
  "before CHOICE-001",
  "choice CHOICE-001 char=var2",
  "cleanup CHOICE-001",
  "before COND-001",
  "condition COND-001 char=-",
  "cleanup COND-001",
  "before DIALOG-009",
  "dialog DIALOG-009 char=var1",
  "cleanup DIALOG-009",
  "before DIALOG-002",
  "dialog DIALOG-002 char=var2",
  "cleanup DIALOG-002",
  "before DIALOG-003",
  "dialog DIALOG-003 char=var1",
  "cleanup DIALOG-003",
  "before CHOICE-001",
  "choice CHOICE-001 char=var2",
  "cleanup CHOICE-001",
  "before COND-001",
  "condition COND-001 char=-",
  "cleanup COND-001",
  "before DIALOG-009",
  "dialog DIALOG-009 char=var1",
  "cleanup DIALOG-009",
  "before DIALOG-002",
  "dialog DIALOG-002 char=var2",
  "cleanup DIALOG-002",
  "before DIALOG-003",
  "dialog DIALOG-003 char=var1",
  "cleanup DIALOG-003",
  "before CHOICE-001",
  "choice CHOICE-001 char=var2",
  "cleanup CHOICE-001",
  "before COND-001",
  "condition COND-001 char=-",
  "cleanup COND-001",
  "before DIALOG-009",
  "dialog DIALOG-009 char=var1",
  "cleanup DIALOG-009",
  "before DIALOG-002",
  "dialog DIALOG-002 char=var2",
  "cleanup DIALOG-002",
  "before DIALOG-003",
  "dialog DIALOG-003 char=var1",
  "cleanup DIALOG-003",
  "before CHOICE-001",
  "choice CHOICE-001 char=var2",
  "cleanup CHOICE-001",
  "before COND-001",
  "condition COND-001 char=-",
  "cleanup COND-001",
  "before DIALOG-009",
  "dialog DIALOG-009 char=var1",
  "cleanup DIALOG-009",
  "before DIALOG-002",
  "dialog DIALOG-002 char=var2",
  "cleanup DIALOG-002",
  "before DIALOG-003",
  "dialog DIALOG-003 char=var1",
  "cleanup DIALOG-003",
  "before CHOICE-001",
  "choice CHOICE-001 char=var2",
  "cleanup CHOICE-001",
  "before COND-001",
  "condition COND-001 char=-",
  "cleanup COND-001",
  "before DIALOG-009",
  "dialog DIALOG-009 char=var1",
  "cleanup DIALOG-009",
  "before DIALOG-002",
  "dialog DIALOG-002 char=var2",
  "cleanup DIALOG-002",
  "before DIALOG-003",
  "dialog DIALOG-003 char=var1",
  "cleanup DIALOG-003",
  "before CHOICE-001",
  "choice CHOICE-001 char=var2",
  "cleanup CHOICE-001",
  "before COND-001",
  "condition COND-001 char=-",
  "cleanup COND-001",
  "before DIALOG-009",
  "dialog DIALOG-009 char=var1",
  "cleanup DIALOG-009",
  "before DIALOG-002",
  "dialog DIALOG-002 char=var2",
  "cleanup DIALOG-002",
  "before DIALOG-003",
  "dialog DIALOG-003 char=var1",
  "cleanup DIALOG-003",
  "before CHOICE-001",
  "choice CHOICE-001 char=var2",
  "cleanup CHOICE-001",
  "before COND-001",
  "condition COND-001 char=-",
  "cleanup COND-001",
  "before DIALOG-009",
  "dialog DIALOG-009 char=var1",
  "cleanup DIALOG-009",
  "before DIALOG-002",
  "dialog DIALOG-002 char=var2",
  "cleanup DIALOG-002",
  "before DIALOG-003",
  "dialog DIALOG-003 char=var1",
  "cleanup DIALOG-003",
  "before CHOICE-001",
  "choice CHOICE-001 char=var2",
  "cleanup CHOICE-001",
  "before COND-001",
  "condition COND-001 char=-",
  "cleanup COND-001",
  "before DIALOG-009",
  "dialog DIALOG-009 char=var1",
  "cleanup DIALOG-009",
  "before DIALOG-002",
  "dialog DIALOG-002 char=var2",
  "cleanup DIALOG-002",
  "before DIALOG-003",
  "dialog DIALOG-003 char=var1",
  "cleanup DIALOG-003",
  "before CHOICE-001",
  "choice CHOICE-001 char=var2",
  "cleanup CHOICE-001",
  "before COND-001",
  "condition COND-001 char=-",
  "cleanup COND-001",
  "before DIALOG-009",
  "dialog DIALOG-009 char=var1",
  "cleanup DIALOG-009",
  "before DIALOG-002",
  "dialog DIALOG-002 char=var2",
  "cleanup DIALOG-002",
  "before DIALOG-003",
  "dialog DIALOG-003 char=var1",
  "cleanup DIALOG-003",
  "before CHOICE-001",
  "choice CHOICE-001 char=var2",
  "cleanup CHOICE-001",
  "before COND-001",
  "condition COND-001 char=-",
  "cleanup COND-001",
  "before DIALOG-009",
  "dialog DIALOG-009 char=var1",
  "cleanup DIALOG-009",
  "before DIALOG-002",
  "dialog DIALOG-002 char=var2",
  "cleanup DIALOG-002",
  "before DIALOG-003",
  "dialog DIALOG-003 char=var1",
  "cleanup DIALOG-003",
  "before CHOICE-001",
  "choice CHOICE-001 char=var2",
  "cleanup CHOICE-001",
  "before COND-001",
  "condition COND-001 char=-",
  "cleanup COND-001",
  "before DIALOG-009",
  "dialog DIALOG-009 char=var1",
  "cleanup DIALOG-009",
  "before DIALOG-002",
  "dialog DIALOG-002 char=var2",
  "cleanup DIALOG-002",
  "before DIALOG-003",
  "dialog DIALOG-003 char=var1",
  "cleanup DIALOG-003",
  "before CHOICE-001",
  "choice CHOICE-001 char=var2",
  "cleanup CHOICE-001",
  "before COND-001",
  "condition COND-001 char=-",
  "cleanup COND-001",
  "before DIALOG-009",
  "dialog DIALOG-009 char=var1",
  "cleanup DIALOG-009",
  "before DIALOG-002",
  "dialog DIALOG-002 char=var2",
  "cleanup DIALOG-002",
  "before DIALOG-003",
  "dialog DIALOG-003 char=var1",
  "cleanup DIALOG-003",
  "before CHOICE-001",
  "choice CHOICE-001 char=var2",
  "cleanup CHOICE-001",
  "before COND-001",
  "condition COND-001 char=-",
  "cleanup COND-001",
  "before DIALOG-009",
  "dialog DIALOG-009 char=var1",
  "cleanup DIALOG-009",
  "before DIALOG-002",
  "dialog DIALOG-002 char=var2",
  "cleanup DIALOG-002",
  "before DIALOG-003",
  "dialog DIALOG-003 char=var1",
  "cleanup DIALOG-003",
  "before CHOICE-001",
  "choice CHOICE-001 char=var2",
  "cleanup CHOICE-001",
  "before COND-001",
  "condition COND-001 char=-",
  "cleanup COND-001",
  "before DIALOG-009",
  "dialog DIALOG-009 char=var1",
  "cleanup DIALOG-009",
  "before DIALOG-002",
  "dialog DIALOG-002 char=var2",
  "cleanup DIALOG-002",
  "before DIALOG-003",
  "dialog DIALOG-003 char=var1",
  "cleanup DIALOG-003",
  "before CHOICE-001",
  "choice CHOICE-001 char=var2",
  "cleanup CHOICE-001",
  "before COND-001",
  "condition COND-001 char=-",
  "cleanup COND-001",
  "before DIALOG-009",
  "dialog DIALOG-009 char=var1",
  "cleanup DIALOG-009",
  "before DIALOG-002",
  "dialog DIALOG-002 char=var2",
  "cleanup DIALOG-002",
  "before DIALOG-003",
  "dialog DIALOG-003 char=var1",
  "cleanup DIALOG-003",
  "before CHOICE-001",
  "choice CHOICE-001 char=var2",
  "cleanup CHOICE-001",
  "before COND-001",
  "condition COND-001 char=-",
  "cleanup COND-001",
  "before DIALOG-009",
  "dialog DIALOG-009 char=var1",
  "cap",
  "running=true tracks=0",
]
`;

exports[`traversal order — the reference export > reactor_breach — sync — answers true, picks first 1`] = `
[
  "before ACTION-001",
  "action ACTION-001 char=-",
  "cleanup ACTION-001",
  "before DIALOG-002",
  "dialog DIALOG-002 char=var2",
  "cleanup DIALOG-002",
  "before DIALOG-003",
  "dialog DIALOG-003 char=var1",
  "cleanup DIALOG-003",
  "before CHOICE-001",
  "choice CHOICE-001 char=var2",
  "cleanup CHOICE-001",
  "before COND-001",
  "condition COND-001 char=-",
  "cleanup COND-001",
  "before ACTION-002",
  "action ACTION-002 char=-",
  "cleanup ACTION-002",
  "before COND-004",
  "condition COND-004 char=-",
  "cleanup COND-004",
  "before DIALOG-010",
  "dialog DIALOG-010 char=var2",
  "cleanup DIALOG-010",
  "exit",
  "running=false tracks=0",
]
`;
